
 RUN  v2.1.9 /home/jmercier/Codes/agentic-devlopment/apps/eval-hub

 ✓ src/domains/execution/__tests__/beadsPhaseEvidence.test.ts > run-scoped Beads projection > combines exact task evidence with actual child identities
 ✓ src/domains/execution/__tests__/beadsPhaseEvidence.test.ts > run-scoped Beads projection > does not broadly match a longer task id
 ✓ src/domains/execution/__tests__/beadsPhaseEvidence.test.ts > run-scoped Beads projection > cannot leak a global issue absent from the evaluated chain
 ✓ src/domains/execution/__tests__/phaseComplianceChecker.test.ts > seven-phase compliance > passes a complete nominal chain and reports seven results
 ✓ src/domains/execution/__tests__/phaseComplianceChecker.test.ts > seven-phase compliance > fails when required trigger is omitted
 ✓ src/domains/execution/__tests__/phaseComplianceChecker.test.ts > seven-phase compliance > fails when required planner is omitted
 ✓ src/domains/execution/__tests__/phaseComplianceChecker.test.ts > seven-phase compliance > fails when required builder is omitted
 ✓ src/domains/execution/__tests__/phaseComplianceChecker.test.ts > seven-phase compliance > fails when required verifier is omitted
 ✓ src/domains/execution/__tests__/phaseComplianceChecker.test.ts > seven-phase compliance > fails when required memory is omitted
 ✓ src/domains/execution/__tests__/phaseComplianceChecker.test.ts > seven-phase compliance > fails when required manager is omitted
 ✓ src/domains/execution/__tests__/phaseComplianceChecker.test.ts > seven-phase compliance > fails reordered observations
 ✓ src/domains/execution/__tests__/phaseComplianceChecker.test.ts > seven-phase compliance > fails reused builder/verifier identity
 ✓ src/domains/execution/__tests__/phaseComplianceChecker.test.ts > seven-phase compliance > fails with 0 controller transitions
 ✓ src/domains/execution/__tests__/phaseComplianceChecker.test.ts > seven-phase compliance > fails with 2 controller transitions
 ✓ src/domains/execution/__tests__/phaseComplianceChecker.test.ts > seven-phase compliance > accepts explicit WAIT before build and marks later phases not applicable
 ✓ src/domains/execution/__tests__/phaseComplianceChecker.test.ts > seven-phase compliance > rejects observations after an early terminal
 ✓ src/domains/execution/__tests__/phaseComplianceChecker.test.ts > seven-phase compliance > rejects an early transition before Planner
 ✓ src/domains/execution/__tests__/phaseComplianceChecker.test.ts > seven-phase compliance > rejects premium bypass and accepts premium after standard
 ✓ src/domains/execution/__tests__/phaseComplianceChecker.test.ts > seven-phase compliance > does not accept missing delegated child identities
 ✓ src/domains/execution/__tests__/phaseComplianceChecker.test.ts > seven-phase compliance > is inconclusive when evidence is unavailable

 Test Files  2 passed (2)
      Tests  20 passed (20)
   Start at  09:52:48
   Duration  306ms (transform 41ms, setup 0ms, collect 49ms, tests 6ms, environment 0ms, prepare 81ms)

