
 RUN  v2.1.9 /home/jmercier/Codes/agentic-devlopment/apps/eval-hub

 ✓ src/domains/execution/__tests__/beadsPhaseEvidence.test.ts > run-scoped Beads projection > combines exact task evidence with actual child identities
 ✓ src/domains/execution/__tests__/beadsPhaseEvidence.test.ts > run-scoped Beads projection > does not broadly match a longer task id
 ✓ src/domains/execution/__tests__/beadsPhaseEvidence.test.ts > run-scoped Beads projection > cannot leak a global issue absent from the evaluated chain
 ✓ src/domains/execution/__tests__/phaseComplianceChecker.test.ts > seven-phase compliance > passes a complete nominal chain and reports seven results
 ✓ src/domains/execution/__tests__/phaseComplianceChecker.test.ts > seven-phase compliance > fails when required trigger is omitted
 ✓ src/domains/execution/__tests__/phaseComplianceChecker.test.ts > seven-phase compliance > fails when required planner is omitted
 ✓ src/domains/execution/__tests__/phaseComplianceChecker.test.ts > seven-phase compliance > fails when required builder is omitted
 ✓ src/domains/execution/__tests__/phaseComplianceChecker.test.ts > seven-phase compliance > fails when required verifier is omitted
 ✓ src/domains/execution/__tests__/phaseComplianceChecker.test.ts > seven-phase compliance > fails when required memory is omitted
 ✓ src/domains/execution/__tests__/phaseComplianceChecker.test.ts > seven-phase compliance > fails when required manager is omitted
 ✓ src/domains/execution/__tests__/phaseComplianceChecker.test.ts > seven-phase compliance > fails reordered observations
 ✓ src/domains/execution/__tests__/phaseComplianceChecker.test.ts > seven-phase compliance > fails reused builder/verifier identity
 ✓ src/domains/execution/__tests__/phaseComplianceChecker.test.ts > seven-phase compliance > fails with 0 controller transitions
 ✓ src/domains/execution/__tests__/phaseComplianceChecker.test.ts > seven-phase compliance > fails with 2 controller transitions
 ✓ src/domains/execution/__tests__/phaseComplianceChecker.test.ts > seven-phase compliance > accepts explicit WAIT before build and marks later phases not applicable
 ✓ src/domains/execution/__tests__/phaseComplianceChecker.test.ts > seven-phase compliance > rejects observations after an early terminal
 ✓ src/domains/execution/__tests__/phaseComplianceChecker.test.ts > seven-phase compliance > rejects an early transition before Planner
 × src/domains/execution/__tests__/phaseComplianceChecker.test.ts > seven-phase compliance > rejects premium bypass and accepts premium after standard
   → expected 'fail' to be 'pass' // Object.is equality
 ✓ src/domains/execution/__tests__/phaseComplianceChecker.test.ts > seven-phase compliance > does not accept missing delegated child identities
 ✓ src/domains/execution/__tests__/phaseComplianceChecker.test.ts > seven-phase compliance > is inconclusive when evidence is unavailable
 ✓ src/domains/execution/__tests__/sessionChainAnalyzer.test.ts > analyzeSessionChain > returns unavailable when DB does not exist
 ✓ src/domains/execution/__tests__/sessionChainAnalyzer.test.ts > analyzeSessionChain > schema field is always session-chain-v1

⎯⎯⎯⎯⎯⎯⎯ Failed Tests 1 ⎯⎯⎯⎯⎯⎯⎯

 FAIL  src/domains/execution/__tests__/phaseComplianceChecker.test.ts > seven-phase compliance > rejects premium bypass and accepts premium after standard
AssertionError: expected 'fail' to be 'pass' // Object.is equality

Expected: "pass"
Received: "fail"

 ❯ src/domains/execution/__tests__/phaseComplianceChecker.test.ts:13:540


⎯⎯⎯⎯⎯⎯⎯⎯⎯⎯⎯⎯⎯⎯⎯⎯⎯⎯⎯⎯⎯⎯⎯⎯[1/1]⎯

 Test Files  1 failed | 2 passed (3)
      Tests  1 failed | 21 passed (22)
   Start at  09:51:44
   Duration  311ms (transform 71ms, setup 0ms, collect 69ms, tests 12ms, environment 0ms, prepare 188ms)

